[covered] plane bucket count: 11
[covered] bucket n=(0.000000,0.000000,1.000000) d=-0.000000 count=16 idx=[0, 1, 21, 22, 32, 33 ...]
[covered] bucket n=(0.000000,0.000000,1.000000) d=-0.300000 count=11 idx=[2, 3, 4, 40, 41, 42 ...]
[covered] bucket n=(1.000000,0.000000,0.000000) d=-0.000000 count=12 idx=[5, 6, 7, 8, 49, 50 ...] x≈0.000000
[covered] bucket n=(0.000000,1.000000,-0.000000) d=-1.500000 count=6 idx=[9, 10, 11, 12, 65, 66] y≈1.500000
[covered] bucket n=(1.000000,0.000000,0.000000) d=-0.500000 count=8 idx=[13, 14, 15, 16, 28, 29 ...] x≈0.500000
[covered] bucket n=(-0.000000,1.000000,-0.000000) d=-0.000000 count=8 idx=[17, 18, 19, 20, 23, 24 ...] y≈0.000000
[covered] bucket n=(0.000000,1.000000,0.000000) d=0.900000 count=6 idx=[25, 26, 27, 46, 47, 48] y≈-0.900000
[covered] bucket n=(1.000000,0.000000,0.000000) d=-0.800000 count=4 idx=[36, 37, 38, 39] x≈0.800000
[covered] bucket n=(1.000000,0.000000,0.000000) d=0.300000 count=8 idx=[57, 58, 59, 60, 75, 76 ...] x≈-0.300000
[covered] bucket n=(-0.000000,1.000000,-0.000000) d=-1.200000 count=4 idx=[67, 68, 69, 70] y≈1.200000
[covered] bucket n=(0.000000,0.000000,1.000000) d=-1.000000 count=4 idx=[79, 80, 81, 82]
[covered] plane bucket count: 11
[covered] bucket n=(0.000000,0.000000,1.000000) d=-0.000000 count=16 idx=[0, 1, 21, 22, 32, 33 ...]
  tri 0: rows [0,1,2] pos0=(0.000000,0.000000,0.000000) pos1=(0.500000,0.000000,0.000000) pos2=(0.500000,1.500000,0.000000)
  tri 1: rows [3,4,5] pos0=(0.000000,0.000000,0.000000) pos1=(0.500000,1.500000,0.000000) pos2=(0.000000,1.500000,0.000000)
  tri 21: rows [63,64,65] pos0=(0.000000,0.000000,0.000000) pos1=(0.500000,0.000000,0.000000) pos2=(0.000000,1.500000,0.000000)
  tri 22: rows [66,67,68] pos0=(0.500000,0.000000,0.000000) pos1=(0.500000,1.500000,0.000000) pos2=(0.000000,1.500000,0.000000)
  tri 32: rows [96,97,98] pos0=(0.500000,0.000000,0.000000) pos1=(0.800000,0.000000,0.000000) pos2=(0.500000,-0.900000,-0.000000)
  tri 33: rows [99,100,101] pos0=(0.500000,0.000000,0.000000) pos1=(0.800000,0.000000,0.000000) pos2=(0.800000,-0.900000,-0.000000)
  tri 34: rows [102,103,104] pos0=(0.500000,0.000000,0.000000) pos1=(0.500000,-0.900000,-0.000000) pos2=(0.800000,-0.900000,-0.000000)
  tri 35: rows [105,106,107] pos0=(0.800000,0.000000,0.000000) pos1=(0.500000,-0.900000,-0.000000) pos2=(0.800000,-0.900000,-0.000000)
  tri 53: rows [159,160,161] pos0=(0.000000,0.000000,0.000000) pos1=(-0.300000,0.000000,0.000000) pos2=(0.000000,-0.900000,-0.000000)
  tri 54: rows [162,163,164] pos0=(0.000000,0.000000,0.000000) pos1=(-0.300000,0.000000,0.000000) pos2=(-0.300000,-0.900000,-0.000000)
  tri 55: rows [165,166,167] pos0=(0.000000,0.000000,0.000000) pos1=(0.000000,-0.900000,-0.000000) pos2=(-0.300000,-0.900000,-0.000000)
  tri 56: rows [168,169,170] pos0=(-0.300000,0.000000,0.000000) pos1=(0.000000,-0.900000,-0.000000) pos2=(-0.300000,-0.900000,-0.000000)
  tri 71: rows [213,214,215] pos0=(0.000000,1.500000,0.000000) pos1=(-0.300000,1.500000,0.000000) pos2=(0.000000,1.200000,0.000000)
  tri 72: rows [216,217,218] pos0=(0.000000,1.500000,0.000000) pos1=(-0.300000,1.500000,0.000000) pos2=(-0.300000,1.200000,0.000000)
  tri 73: rows [219,220,221] pos0=(0.000000,1.500000,0.000000) pos1=(0.000000,1.200000,0.000000) pos2=(-0.300000,1.200000,0.000000)
  tri 74: rows [222,223,224] pos0=(-0.300000,1.500000,0.000000) pos1=(0.000000,1.200000,0.000000) pos2=(-0.300000,1.200000,0.000000)
[covered] bucket n=(0.000000,0.000000,1.000000) d=-0.300000 count=11 idx=[2, 3, 4, 40, 41, 42 ...]
  tri 2: rows [6,7,8] pos0=(0.000000,0.000000,0.300000) pos1=(0.500000,0.000000,0.300000) pos2=(0.000000,1.500000,0.300000)
  tri 3: rows [9,10,11] pos0=(0.000000,0.000000,0.300000) pos1=(0.500000,1.500000,0.300000) pos2=(0.000000,1.500000,0.300000)
  tri 4: rows [12,13,14] pos0=(0.500000,0.000000,0.300000) pos1=(0.500000,1.500000,0.300000) pos2=(0.000000,1.500000,0.300000)
  tri 40: rows [120,121,122] pos0=(0.500000,0.000000,0.300000) pos1=(0.800000,0.000000,0.300000) pos2=(0.500000,-0.900000,0.300000)
  tri 41: rows [123,124,125] pos0=(0.500000,0.000000,0.300000) pos1=(0.800000,0.000000,0.300000) pos2=(0.800000,-0.900000,0.300000)
  tri 42: rows [126,127,128] pos0=(0.500000,0.000000,0.300000) pos1=(0.500000,-0.900000,0.300000) pos2=(0.800000,-0.900000,0.300000)
  tri 43: rows [129,130,131] pos0=(0.800000,0.000000,0.300000) pos1=(0.500000,-0.900000,0.300000) pos2=(0.800000,-0.900000,0.300000)
  tri 61: rows [183,184,185] pos0=(0.000000,0.000000,0.300000) pos1=(-0.300000,0.000000,0.300000) pos2=(0.000000,-0.900000,0.300000)
  tri 62: rows [186,187,188] pos0=(0.000000,0.000000,0.300000) pos1=(-0.300000,0.000000,0.300000) pos2=(-0.300000,-0.900000,0.300000)
  tri 63: rows [189,190,191] pos0=(0.000000,0.000000,0.300000) pos1=(0.000000,-0.900000,0.300000) pos2=(-0.300000,-0.900000,0.300000)
  tri 64: rows [192,193,194] pos0=(-0.300000,0.000000,0.300000) pos1=(0.000000,-0.900000,0.300000) pos2=(-0.300000,-0.900000,0.300000)
[covered] bucket n=(1.000000,0.000000,0.000000) d=-0.000000 count=12 idx=[5, 6, 7, 8, 49, 50 ...] x≈0.000000
  tri 5: rows [15,16,17] pos0=(0.000000,0.000000,0.000000) pos1=(0.000000,1.500000,0.000000) pos2=(0.000000,0.000000,0.300000)
  tri 6: rows [18,19,20] pos0=(0.000000,0.000000,0.000000) pos1=(0.000000,1.500000,0.000000) pos2=(0.000000,1.500000,0.300000)
  tri 7: rows [21,22,23] pos0=(0.000000,0.000000,0.000000) pos1=(0.000000,0.000000,0.300000) pos2=(0.000000,1.500000,0.300000)
  tri 8: rows [24,25,26] pos0=(0.000000,1.500000,0.000000) pos1=(0.000000,0.000000,0.300000) pos2=(0.000000,1.500000,0.300000)
  tri 49: rows [147,148,149] pos0=(0.000000,0.000000,0.000000) pos1=(0.000000,0.000000,0.300000) pos2=(0.000000,-0.900000,-0.000000)
  tri 50: rows [150,151,152] pos0=(0.000000,0.000000,0.000000) pos1=(0.000000,0.000000,0.300000) pos2=(0.000000,-0.900000,0.300000)
  tri 51: rows [153,154,155] pos0=(0.000000,0.000000,0.000000) pos1=(0.000000,-0.900000,-0.000000) pos2=(0.000000,-0.900000,0.300000)
  tri 52: rows [156,157,158] pos0=(0.000000,0.000000,0.300000) pos1=(0.000000,-0.900000,-0.000000) pos2=(0.000000,-0.900000,0.300000)
  tri 83: rows [249,250,251] pos0=(0.000000,1.500000,0.000000) pos1=(0.000000,1.500000,1.000000) pos2=(0.000000,1.200000,0.000000)
  tri 84: rows [252,253,254] pos0=(0.000000,1.500000,0.000000) pos1=(0.000000,1.500000,1.000000) pos2=(0.000000,1.200000,1.000000)
  tri 85: rows [255,256,257] pos0=(0.000000,1.500000,0.000000) pos1=(0.000000,1.200000,0.000000) pos2=(0.000000,1.200000,1.000000)
  tri 86: rows [258,259,260] pos0=(0.000000,1.500000,1.000000) pos1=(0.000000,1.200000,0.000000) pos2=(0.000000,1.200000,1.000000)
[covered] bucket n=(0.000000,1.000000,-0.000000) d=-1.500000 count=6 idx=[9, 10, 11, 12, 65, 66] y≈1.500000
  tri 9: rows [27,28,29] pos0=(0.500000,1.500000,0.000000) pos1=(0.000000,1.500000,0.000000) pos2=(0.500000,1.500000,0.300000)
  tri 10: rows [30,31,32] pos0=(0.500000,1.500000,0.000000) pos1=(0.000000,1.500000,0.000000) pos2=(0.000000,1.500000,0.300000)
  tri 11: rows [33,34,35] pos0=(0.500000,1.500000,0.000000) pos1=(0.500000,1.500000,0.300000) pos2=(0.000000,1.500000,0.300000)
  tri 12: rows [36,37,38] pos0=(0.000000,1.500000,0.000000) pos1=(0.500000,1.500000,0.300000) pos2=(0.000000,1.500000,0.300000)
  tri 65: rows [195,196,197] pos0=(0.000000,1.500000,0.000000) pos1=(0.000000,1.500000,1.000000) pos2=(-0.300000,1.500000,1.000000)
  tri 66: rows [198,199,200] pos0=(0.000000,1.500000,0.000000) pos1=(-0.300000,1.500000,1.000000) pos2=(-0.300000,1.500000,0.000000)
[covered] bucket n=(1.000000,0.000000,0.000000) d=-0.500000 count=8 idx=[13, 14, 15, 16, 28, 29 ...] x≈0.500000
  tri 13: rows [39,40,41] pos0=(0.500000,0.000000,0.000000) pos1=(0.500000,1.500000,0.000000) pos2=(0.500000,0.000000,0.300000)
  tri 14: rows [42,43,44] pos0=(0.500000,0.000000,0.000000) pos1=(0.500000,1.500000,0.000000) pos2=(0.500000,1.500000,0.300000)
  tri 15: rows [45,46,47] pos0=(0.500000,0.000000,0.000000) pos1=(0.500000,0.000000,0.300000) pos2=(0.500000,1.500000,0.300000)
  tri 16: rows [48,49,50] pos0=(0.500000,1.500000,0.000000) pos1=(0.500000,0.000000,0.300000) pos2=(0.500000,1.500000,0.300000)
  tri 28: rows [84,85,86] pos0=(0.500000,0.000000,0.000000) pos1=(0.500000,0.000000,0.300000) pos2=(0.500000,-0.900000,-0.000000)
  tri 29: rows [87,88,89] pos0=(0.500000,0.000000,0.000000) pos1=(0.500000,0.000000,0.300000) pos2=(0.500000,-0.900000,0.300000)
  tri 30: rows [90,91,92] pos0=(0.500000,0.000000,0.000000) pos1=(0.500000,-0.900000,-0.000000) pos2=(0.500000,-0.900000,0.300000)
  tri 31: rows [93,94,95] pos0=(0.500000,0.000000,0.300000) pos1=(0.500000,-0.900000,-0.000000) pos2=(0.500000,-0.900000,0.300000)
[covered] bucket n=(-0.000000,1.000000,-0.000000) d=-0.000000 count=8 idx=[17, 18, 19, 20, 23, 24 ...] y≈0.000000
  tri 17: rows [51,52,53] pos0=(0.000000,0.000000,0.000000) pos1=(0.500000,0.000000,0.000000) pos2=(0.000000,0.000000,0.300000)
  tri 18: rows [54,55,56] pos0=(0.000000,0.000000,0.000000) pos1=(0.500000,0.000000,0.000000) pos2=(0.500000,0.000000,0.300000)
  tri 19: rows [57,58,59] pos0=(0.000000,0.000000,0.000000) pos1=(0.000000,0.000000,0.300000) pos2=(0.500000,0.000000,0.300000)
  tri 20: rows [60,61,62] pos0=(0.500000,0.000000,0.000000) pos1=(0.000000,0.000000,0.300000) pos2=(0.500000,0.000000,0.300000)
  tri 23: rows [69,70,71] pos0=(0.500000,0.000000,0.000000) pos1=(0.500000,0.000000,0.300000) pos2=(0.800000,0.000000,0.300000)
  tri 24: rows [72,73,74] pos0=(0.500000,0.000000,0.000000) pos1=(0.800000,0.000000,0.300000) pos2=(0.800000,0.000000,0.000000)
  tri 44: rows [132,133,134] pos0=(0.000000,0.000000,0.000000) pos1=(0.000000,0.000000,0.300000) pos2=(-0.300000,0.000000,0.300000)
  tri 45: rows [135,136,137] pos0=(0.000000,0.000000,0.000000) pos1=(-0.300000,0.000000,0.300000) pos2=(-0.300000,0.000000,0.000000)
[covered] bucket n=(0.000000,1.000000,0.000000) d=0.900000 count=6 idx=[25, 26, 27, 46, 47, 48] y≈-0.900000
  tri 25: rows [75,76,77] pos0=(0.500000,-0.900000,-0.000000) pos1=(0.500000,-0.900000,0.300000) pos2=(0.800000,-0.900000,-0.000000)
  tri 26: rows [78,79,80] pos0=(0.500000,-0.900000,-0.000000) pos1=(0.800000,-0.900000,0.300000) pos2=(0.800000,-0.900000,-0.000000)
  tri 27: rows [81,82,83] pos0=(0.500000,-0.900000,0.300000) pos1=(0.800000,-0.900000,0.300000) pos2=(0.800000,-0.900000,-0.000000)
  tri 46: rows [138,139,140] pos0=(0.000000,-0.900000,-0.000000) pos1=(0.000000,-0.900000,0.300000) pos2=(-0.300000,-0.900000,-0.000000)
  tri 47: rows [141,142,143] pos0=(0.000000,-0.900000,-0.000000) pos1=(-0.300000,-0.900000,0.300000) pos2=(-0.300000,-0.900000,-0.000000)
  tri 48: rows [144,145,146] pos0=(0.000000,-0.900000,0.300000) pos1=(-0.300000,-0.900000,0.300000) pos2=(-0.300000,-0.900000,-0.000000)
[covered] bucket n=(1.000000,0.000000,0.000000) d=-0.800000 count=4 idx=[36, 37, 38, 39] x≈0.800000
  tri 36: rows [108,109,110] pos0=(0.800000,0.000000,0.300000) pos1=(0.800000,0.000000,0.000000) pos2=(0.800000,-0.900000,0.300000)
  tri 37: rows [111,112,113] pos0=(0.800000,0.000000,0.300000) pos1=(0.800000,0.000000,0.000000) pos2=(0.800000,-0.900000,-0.000000)
  tri 38: rows [114,115,116] pos0=(0.800000,0.000000,0.300000) pos1=(0.800000,-0.900000,0.300000) pos2=(0.800000,-0.900000,-0.000000)
  tri 39: rows [117,118,119] pos0=(0.800000,0.000000,0.000000) pos1=(0.800000,-0.900000,0.300000) pos2=(0.800000,-0.900000,-0.000000)
[covered] bucket n=(1.000000,0.000000,0.000000) d=0.300000 count=8 idx=[57, 58, 59, 60, 75, 76 ...] x≈-0.300000
  tri 57: rows [171,172,173] pos0=(-0.300000,0.000000,0.300000) pos1=(-0.300000,0.000000,0.000000) pos2=(-0.300000,-0.900000,0.300000)
  tri 58: rows [174,175,176] pos0=(-0.300000,0.000000,0.300000) pos1=(-0.300000,0.000000,0.000000) pos2=(-0.300000,-0.900000,-0.000000)
  tri 59: rows [177,178,179] pos0=(-0.300000,0.000000,0.300000) pos1=(-0.300000,-0.900000,0.300000) pos2=(-0.300000,-0.900000,-0.000000)
  tri 60: rows [180,181,182] pos0=(-0.300000,0.000000,0.000000) pos1=(-0.300000,-0.900000,0.300000) pos2=(-0.300000,-0.900000,-0.000000)
  tri 75: rows [225,226,227] pos0=(-0.300000,1.500000,1.000000) pos1=(-0.300000,1.500000,0.000000) pos2=(-0.300000,1.200000,1.000000)
  tri 76: rows [228,229,230] pos0=(-0.300000,1.500000,1.000000) pos1=(-0.300000,1.500000,0.000000) pos2=(-0.300000,1.200000,0.000000)
  tri 77: rows [231,232,233] pos0=(-0.300000,1.500000,1.000000) pos1=(-0.300000,1.200000,1.000000) pos2=(-0.300000,1.200000,0.000000)
  tri 78: rows [234,235,236] pos0=(-0.300000,1.500000,0.000000) pos1=(-0.300000,1.200000,1.000000) pos2=(-0.300000,1.200000,0.000000)
[covered] bucket n=(-0.000000,1.000000,-0.000000) d=-1.200000 count=4 idx=[67, 68, 69, 70] y≈1.200000
  tri 67: rows [201,202,203] pos0=(0.000000,1.200000,0.000000) pos1=(0.000000,1.200000,1.000000) pos2=(-0.300000,1.200000,1.000000)
  tri 68: rows [204,205,206] pos0=(0.000000,1.200000,0.000000) pos1=(0.000000,1.200000,1.000000) pos2=(-0.300000,1.200000,0.000000)
  tri 69: rows [207,208,209] pos0=(0.000000,1.200000,0.000000) pos1=(-0.300000,1.200000,1.000000) pos2=(-0.300000,1.200000,0.000000)
  tri 70: rows [210,211,212] pos0=(0.000000,1.200000,1.000000) pos1=(-0.300000,1.200000,1.000000) pos2=(-0.300000,1.200000,0.000000)
[covered] bucket n=(0.000000,0.000000,1.000000) d=-1.000000 count=4 idx=[79, 80, 81, 82]
  tri 79: rows [237,238,239] pos0=(0.000000,1.500000,1.000000) pos1=(-0.300000,1.500000,1.000000) pos2=(0.000000,1.200000,1.000000)
  tri 80: rows [240,241,242] pos0=(0.000000,1.500000,1.000000) pos1=(-0.300000,1.500000,1.000000) pos2=(-0.300000,1.200000,1.000000)
  tri 81: rows [243,244,245] pos0=(0.000000,1.500000,1.000000) pos1=(0.000000,1.200000,1.000000) pos2=(-0.300000,1.200000,1.000000)
  tri 82: rows [246,247,248] pos0=(-0.300000,1.500000,1.000000) pos1=(0.000000,1.200000,1.000000) pos2=(-0.300000,1.200000,1.000000)
[covered] plane bucket count: 11
[covered] bucket n=(0.000000,0.000000,1.000000) d=-0.000000 count=16 idx=[0, 1, 21, 22, 32, 33 ...]
  tri 0: rows [0,1,2] pos0=(0.000000,0.000000,0.000000) pos1=(0.500000,0.000000,0.000000) pos2=(0.500000,1.500000,0.000000)
  tri 1: rows [3,4,5] pos0=(0.000000,0.000000,0.000000) pos1=(0.500000,1.500000,0.000000) pos2=(0.000000,1.500000,0.000000)
  tri 21: rows [63,64,65] pos0=(0.000000,0.000000,0.000000) pos1=(0.500000,0.000000,0.000000) pos2=(0.000000,1.500000,0.000000)
  tri 22: rows [66,67,68] pos0=(0.500000,0.000000,0.000000) pos1=(0.500000,1.500000,0.000000) pos2=(0.000000,1.500000,0.000000)
  tri 32: rows [96,97,98] pos0=(0.500000,0.000000,0.000000) pos1=(0.800000,0.000000,0.000000) pos2=(0.500000,-0.900000,-0.000000)
  tri 33: rows [99,100,101] pos0=(0.500000,0.000000,0.000000) pos1=(0.800000,0.000000,0.000000) pos2=(0.800000,-0.900000,-0.000000)
  tri 34: rows [102,103,104] pos0=(0.500000,0.000000,0.000000) pos1=(0.500000,-0.900000,-0.000000) pos2=(0.800000,-0.900000,-0.000000)
  tri 35: rows [105,106,107] pos0=(0.800000,0.000000,0.000000) pos1=(0.500000,-0.900000,-0.000000) pos2=(0.800000,-0.900000,-0.000000)
  tri 53: rows [159,160,161] pos0=(0.000000,0.000000,0.000000) pos1=(-0.300000,0.000000,0.000000) pos2=(0.000000,-0.900000,-0.000000)
  tri 54: rows [162,163,164] pos0=(0.000000,0.000000,0.000000) pos1=(-0.300000,0.000000,0.000000) pos2=(-0.300000,-0.900000,-0.000000)
  tri 55: rows [165,166,167] pos0=(0.000000,0.000000,0.000000) pos1=(0.000000,-0.900000,-0.000000) pos2=(-0.300000,-0.900000,-0.000000)
  tri 56: rows [168,169,170] pos0=(-0.300000,0.000000,0.000000) pos1=(0.000000,-0.900000,-0.000000) pos2=(-0.300000,-0.900000,-0.000000)
  tri 71: rows [213,214,215] pos0=(0.000000,1.500000,0.000000) pos1=(-0.300000,1.500000,0.000000) pos2=(0.000000,1.200000,0.000000)
  tri 72: rows [216,217,218] pos0=(0.000000,1.500000,0.000000) pos1=(-0.300000,1.500000,0.000000) pos2=(-0.300000,1.200000,0.000000)
  tri 73: rows [219,220,221] pos0=(0.000000,1.500000,0.000000) pos1=(0.000000,1.200000,0.000000) pos2=(-0.300000,1.200000,0.000000)
  tri 74: rows [222,223,224] pos0=(-0.300000,1.500000,0.000000) pos1=(0.000000,1.200000,0.000000) pos2=(-0.300000,1.200000,0.000000)
[covered] bucket n=(0.000000,0.000000,1.000000) d=-0.300000 count=11 idx=[2, 3, 4, 40, 41, 42 ...]
  tri 2: rows [6,7,8] pos0=(0.000000,0.000000,0.300000) pos1=(0.500000,0.000000,0.300000) pos2=(0.000000,1.500000,0.300000)
  tri 3: rows [9,10,11] pos0=(0.000000,0.000000,0.300000) pos1=(0.500000,1.500000,0.300000) pos2=(0.000000,1.500000,0.300000)
  tri 4: rows [12,13,14] pos0=(0.500000,0.000000,0.300000) pos1=(0.500000,1.500000,0.300000) pos2=(0.000000,1.500000,0.300000)
  tri 40: rows [120,121,122] pos0=(0.500000,0.000000,0.300000) pos1=(0.800000,0.000000,0.300000) pos2=(0.500000,-0.900000,0.300000)
  tri 41: rows [123,124,125] pos0=(0.500000,0.000000,0.300000) pos1=(0.800000,0.000000,0.300000) pos2=(0.800000,-0.900000,0.300000)
  tri 42: rows [126,127,128] pos0=(0.500000,0.000000,0.300000) pos1=(0.500000,-0.900000,0.300000) pos2=(0.800000,-0.900000,0.300000)
  tri 43: rows [129,130,131] pos0=(0.800000,0.000000,0.300000) pos1=(0.500000,-0.900000,0.300000) pos2=(0.800000,-0.900000,0.300000)
  tri 61: rows [183,184,185] pos0=(0.000000,0.000000,0.300000) pos1=(-0.300000,0.000000,0.300000) pos2=(0.000000,-0.900000,0.300000)
  tri 62: rows [186,187,188] pos0=(0.000000,0.000000,0.300000) pos1=(-0.300000,0.000000,0.300000) pos2=(-0.300000,-0.900000,0.300000)
  tri 63: rows [189,190,191] pos0=(0.000000,0.000000,0.300000) pos1=(0.000000,-0.900000,0.300000) pos2=(-0.300000,-0.900000,0.300000)
  tri 64: rows [192,193,194] pos0=(-0.300000,0.000000,0.300000) pos1=(0.000000,-0.900000,0.300000) pos2=(-0.300000,-0.900000,0.300000)
[covered] bucket n=(1.000000,0.000000,0.000000) d=-0.000000 count=12 idx=[5, 6, 7, 8, 49, 50 ...] x≈0.000000
  tri 5: rows [15,16,17] pos0=(0.000000,0.000000,0.000000) pos1=(0.000000,1.500000,0.000000) pos2=(0.000000,0.000000,0.300000)
  tri 6: rows [18,19,20] pos0=(0.000000,0.000000,0.000000) pos1=(0.000000,1.500000,0.000000) pos2=(0.000000,1.500000,0.300000)
  tri 7: rows [21,22,23] pos0=(0.000000,0.000000,0.000000) pos1=(0.000000,0.000000,0.300000) pos2=(0.000000,1.500000,0.300000)
  tri 8: rows [24,25,26] pos0=(0.000000,1.500000,0.000000) pos1=(0.000000,0.000000,0.300000) pos2=(0.000000,1.500000,0.300000)
  tri 49: rows [147,148,149] pos0=(0.000000,0.000000,0.000000) pos1=(0.000000,0.000000,0.300000) pos2=(0.000000,-0.900000,-0.000000)
  tri 50: rows [150,151,152] pos0=(0.000000,0.000000,0.000000) pos1=(0.000000,0.000000,0.300000) pos2=(0.000000,-0.900000,0.300000)
  tri 51: rows [153,154,155] pos0=(0.000000,0.000000,0.000000) pos1=(0.000000,-0.900000,-0.000000) pos2=(0.000000,-0.900000,0.300000)
  tri 52: rows [156,157,158] pos0=(0.000000,0.000000,0.300000) pos1=(0.000000,-0.900000,-0.000000) pos2=(0.000000,-0.900000,0.300000)
  tri 83: rows [249,250,251] pos0=(0.000000,1.500000,0.000000) pos1=(0.000000,1.500000,1.000000) pos2=(0.000000,1.200000,0.000000)
  tri 84: rows [252,253,254] pos0=(0.000000,1.500000,0.000000) pos1=(0.000000,1.500000,1.000000) pos2=(0.000000,1.200000,1.000000)
  tri 85: rows [255,256,257] pos0=(0.000000,1.500000,0.000000) pos1=(0.000000,1.200000,0.000000) pos2=(0.000000,1.200000,1.000000)
  tri 86: rows [258,259,260] pos0=(0.000000,1.500000,1.000000) pos1=(0.000000,1.200000,0.000000) pos2=(0.000000,1.200000,1.000000)
[covered] bucket n=(0.000000,1.000000,-0.000000) d=-1.500000 count=6 idx=[9, 10, 11, 12, 65, 66] y≈1.500000
  tri 9: rows [27,28,29] pos0=(0.500000,1.500000,0.000000) pos1=(0.000000,1.500000,0.000000) pos2=(0.500000,1.500000,0.300000)
  tri 10: rows [30,31,32] pos0=(0.500000,1.500000,0.000000) pos1=(0.000000,1.500000,0.000000) pos2=(0.000000,1.500000,0.300000)
  tri 11: rows [33,34,35] pos0=(0.500000,1.500000,0.000000) pos1=(0.500000,1.500000,0.300000) pos2=(0.000000,1.500000,0.300000)
  tri 12: rows [36,37,38] pos0=(0.000000,1.500000,0.000000) pos1=(0.500000,1.500000,0.300000) pos2=(0.000000,1.500000,0.300000)
  tri 65: rows [195,196,197] pos0=(0.000000,1.500000,0.000000) pos1=(0.000000,1.500000,1.000000) pos2=(-0.300000,1.500000,1.000000)
  tri 66: rows [198,199,200] pos0=(0.000000,1.500000,0.000000) pos1=(-0.300000,1.500000,1.000000) pos2=(-0.300000,1.500000,0.000000)
[covered] bucket n=(1.000000,0.000000,0.000000) d=-0.500000 count=8 idx=[13, 14, 15, 16, 28, 29 ...] x≈0.500000
  tri 13: rows [39,40,41] pos0=(0.500000,0.000000,0.000000) pos1=(0.500000,1.500000,0.000000) pos2=(0.500000,0.000000,0.300000)
  tri 14: rows [42,43,44] pos0=(0.500000,0.000000,0.000000) pos1=(0.500000,1.500000,0.000000) pos2=(0.500000,1.500000,0.300000)
  tri 15: rows [45,46,47] pos0=(0.500000,0.000000,0.000000) pos1=(0.500000,0.000000,0.300000) pos2=(0.500000,1.500000,0.300000)
  tri 16: rows [48,49,50] pos0=(0.500000,1.500000,0.000000) pos1=(0.500000,0.000000,0.300000) pos2=(0.500000,1.500000,0.300000)
  tri 28: rows [84,85,86] pos0=(0.500000,0.000000,0.000000) pos1=(0.500000,0.000000,0.300000) pos2=(0.500000,-0.900000,-0.000000)
  tri 29: rows [87,88,89] pos0=(0.500000,0.000000,0.000000) pos1=(0.500000,0.000000,0.300000) pos2=(0.500000,-0.900000,0.300000)
  tri 30: rows [90,91,92] pos0=(0.500000,0.000000,0.000000) pos1=(0.500000,-0.900000,-0.000000) pos2=(0.500000,-0.900000,0.300000)
  tri 31: rows [93,94,95] pos0=(0.500000,0.000000,0.300000) pos1=(0.500000,-0.900000,-0.000000) pos2=(0.500000,-0.900000,0.300000)
[covered] bucket n=(-0.000000,1.000000,-0.000000) d=-0.000000 count=8 idx=[17, 18, 19, 20, 23, 24 ...] y≈0.000000
  tri 17: rows [51,52,53] pos0=(0.000000,0.000000,0.000000) pos1=(0.500000,0.000000,0.000000) pos2=(0.000000,0.000000,0.300000)
  tri 18: rows [54,55,56] pos0=(0.000000,0.000000,0.000000) pos1=(0.500000,0.000000,0.000000) pos2=(0.500000,0.000000,0.300000)
  tri 19: rows [57,58,59] pos0=(0.000000,0.000000,0.000000) pos1=(0.000000,0.000000,0.300000) pos2=(0.500000,0.000000,0.300000)
  tri 20: rows [60,61,62] pos0=(0.500000,0.000000,0.000000) pos1=(0.000000,0.000000,0.300000) pos2=(0.500000,0.000000,0.300000)
  tri 23: rows [69,70,71] pos0=(0.500000,0.000000,0.000000) pos1=(0.500000,0.000000,0.300000) pos2=(0.800000,0.000000,0.300000)
  tri 24: rows [72,73,74] pos0=(0.500000,0.000000,0.000000) pos1=(0.800000,0.000000,0.300000) pos2=(0.800000,0.000000,0.000000)
  tri 44: rows [132,133,134] pos0=(0.000000,0.000000,0.000000) pos1=(0.000000,0.000000,0.300000) pos2=(-0.300000,0.000000,0.300000)
  tri 45: rows [135,136,137] pos0=(0.000000,0.000000,0.000000) pos1=(-0.300000,0.000000,0.300000) pos2=(-0.300000,0.000000,0.000000)
[covered] bucket n=(0.000000,1.000000,0.000000) d=0.900000 count=6 idx=[25, 26, 27, 46, 47, 48] y≈-0.900000
  tri 25: rows [75,76,77] pos0=(0.500000,-0.900000,-0.000000) pos1=(0.500000,-0.900000,0.300000) pos2=(0.800000,-0.900000,-0.000000)
  tri 26: rows [78,79,80] pos0=(0.500000,-0.900000,-0.000000) pos1=(0.800000,-0.900000,0.300000) pos2=(0.800000,-0.900000,-0.000000)
  tri 27: rows [81,82,83] pos0=(0.500000,-0.900000,0.300000) pos1=(0.800000,-0.900000,0.300000) pos2=(0.800000,-0.900000,-0.000000)
  tri 46: rows [138,139,140] pos0=(0.000000,-0.900000,-0.000000) pos1=(0.000000,-0.900000,0.300000) pos2=(-0.300000,-0.900000,-0.000000)
  tri 47: rows [141,142,143] pos0=(0.000000,-0.900000,-0.000000) pos1=(-0.300000,-0.900000,0.300000) pos2=(-0.300000,-0.900000,-0.000000)
  tri 48: rows [144,145,146] pos0=(0.000000,-0.900000,0.300000) pos1=(-0.300000,-0.900000,0.300000) pos2=(-0.300000,-0.900000,-0.000000)
[covered] bucket n=(1.000000,0.000000,0.000000) d=-0.800000 count=4 idx=[36, 37, 38, 39] x≈0.800000
  tri 36: rows [108,109,110] pos0=(0.800000,0.000000,0.300000) pos1=(0.800000,0.000000,0.000000) pos2=(0.800000,-0.900000,0.300000)
  tri 37: rows [111,112,113] pos0=(0.800000,0.000000,0.300000) pos1=(0.800000,0.000000,0.000000) pos2=(0.800000,-0.900000,-0.000000)
  tri 38: rows [114,115,116] pos0=(0.800000,0.000000,0.300000) pos1=(0.800000,-0.900000,0.300000) pos2=(0.800000,-0.900000,-0.000000)
  tri 39: rows [117,118,119] pos0=(0.800000,0.000000,0.000000) pos1=(0.800000,-0.900000,0.300000) pos2=(0.800000,-0.900000,-0.000000)
[covered] bucket n=(1.000000,0.000000,0.000000) d=0.300000 count=8 idx=[57, 58, 59, 60, 75, 76 ...] x≈-0.300000
  tri 57: rows [171,172,173] pos0=(-0.300000,0.000000,0.300000) pos1=(-0.300000,0.000000,0.000000) pos2=(-0.300000,-0.900000,0.300000)
  tri 58: rows [174,175,176] pos0=(-0.300000,0.000000,0.300000) pos1=(-0.300000,0.000000,0.000000) pos2=(-0.300000,-0.900000,-0.000000)
  tri 59: rows [177,178,179] pos0=(-0.300000,0.000000,0.300000) pos1=(-0.300000,-0.900000,0.300000) pos2=(-0.300000,-0.900000,-0.000000)
  tri 60: rows [180,181,182] pos0=(-0.300000,0.000000,0.000000) pos1=(-0.300000,-0.900000,0.300000) pos2=(-0.300000,-0.900000,-0.000000)
  tri 75: rows [225,226,227] pos0=(-0.300000,1.500000,1.000000) pos1=(-0.300000,1.500000,0.000000) pos2=(-0.300000,1.200000,1.000000)
  tri 76: rows [228,229,230] pos0=(-0.300000,1.500000,1.000000) pos1=(-0.300000,1.500000,0.000000) pos2=(-0.300000,1.200000,0.000000)
  tri 77: rows [231,232,233] pos0=(-0.300000,1.500000,1.000000) pos1=(-0.300000,1.200000,1.000000) pos2=(-0.300000,1.200000,0.000000)
  tri 78: rows [234,235,236] pos0=(-0.300000,1.500000,0.000000) pos1=(-0.300000,1.200000,1.000000) pos2=(-0.300000,1.200000,0.000000)
[covered] bucket n=(-0.000000,1.000000,-0.000000) d=-1.200000 count=4 idx=[67, 68, 69, 70] y≈1.200000
  tri 67: rows [201,202,203] pos0=(0.000000,1.200000,0.000000) pos1=(0.000000,1.200000,1.000000) pos2=(-0.300000,1.200000,1.000000)
  tri 68: rows [204,205,206] pos0=(0.000000,1.200000,0.000000) pos1=(0.000000,1.200000,1.000000) pos2=(-0.300000,1.200000,0.000000)
  tri 69: rows [207,208,209] pos0=(0.000000,1.200000,0.000000) pos1=(-0.300000,1.200000,1.000000) pos2=(-0.300000,1.200000,0.000000)
  tri 70: rows [210,211,212] pos0=(0.000000,1.200000,1.000000) pos1=(-0.300000,1.200000,1.000000) pos2=(-0.300000,1.200000,0.000000)
[covered] bucket n=(0.000000,0.000000,1.000000) d=-1.000000 count=4 idx=[79, 80, 81, 82]
  tri 79: rows [237,238,239] pos0=(0.000000,1.500000,1.000000) pos1=(-0.300000,1.500000,1.000000) pos2=(0.000000,1.200000,1.000000)
  tri 80: rows [240,241,242] pos0=(0.000000,1.500000,1.000000) pos1=(-0.300000,1.500000,1.000000) pos2=(-0.300000,1.200000,1.000000)
  tri 81: rows [243,244,245] pos0=(0.000000,1.500000,1.000000) pos1=(0.000000,1.200000,1.000000) pos2=(-0.300000,1.200000,1.000000)
  tri 82: rows [246,247,248] pos0=(-0.300000,1.500000,1.000000) pos1=(0.000000,1.200000,1.000000) pos2=(-0.300000,1.200000,1.000000)
[covered] removing tri 0 bucket n=(0.000000,0.000000,1.000000) d=-0.000000; rows [0,1,2] pos0=(0.000000,0.000000,0.000000) pos1=(0.500000,0.000000,0.000000) pos2=(0.500000,1.500000,0.000000); covered_by=[21, 22]
[covered] removing tri 1 bucket n=(0.000000,0.000000,1.000000) d=-0.000000; rows [3,4,5] pos0=(0.000000,0.000000,0.000000) pos1=(0.500000,1.500000,0.000000) pos2=(0.000000,1.500000,0.000000); covered_by=[21, 22]
[covered] removing tri 21 bucket n=(0.000000,0.000000,1.000000) d=-0.000000; rows [63,64,65] pos0=(0.000000,0.000000,0.000000) pos1=(0.500000,0.000000,0.000000) pos2=(0.000000,1.500000,0.000000); covered_by=[0, 1]
[covered] removing tri 22 bucket n=(0.000000,0.000000,1.000000) d=-0.000000; rows [66,67,68] pos0=(0.500000,0.000000,0.000000) pos1=(0.500000,1.500000,0.000000) pos2=(0.000000,1.500000,0.000000); covered_by=[0, 1]
[covered] removing tri 32 bucket n=(0.000000,0.000000,1.000000) d=-0.000000; rows [96,97,98] pos0=(0.500000,0.000000,0.000000) pos1=(0.800000,0.000000,0.000000) pos2=(0.500000,-0.900000,-0.000000); covered_by=[33, 34]
[covered] removing tri 33 bucket n=(0.000000,0.000000,1.000000) d=-0.000000; rows [99,100,101] pos0=(0.500000,0.000000,0.000000) pos1=(0.800000,0.000000,0.000000) pos2=(0.800000,-0.900000,-0.000000); covered_by=[32, 35]
[covered] removing tri 34 bucket n=(0.000000,0.000000,1.000000) d=-0.000000; rows [102,103,104] pos0=(0.500000,0.000000,0.000000) pos1=(0.500000,-0.900000,-0.000000) pos2=(0.800000,-0.900000,-0.000000); covered_by=[32, 35]
[covered] removing tri 35 bucket n=(0.000000,0.000000,1.000000) d=-0.000000; rows [105,106,107] pos0=(0.800000,0.000000,0.000000) pos1=(0.500000,-0.900000,-0.000000) pos2=(0.800000,-0.900000,-0.000000); covered_by=[33, 34]
[covered] removing tri 53 bucket n=(0.000000,0.000000,1.000000) d=-0.000000; rows [159,160,161] pos0=(0.000000,0.000000,0.000000) pos1=(-0.300000,0.000000,0.000000) pos2=(0.000000,-0.900000,-0.000000); covered_by=[54, 55]
[covered] removing tri 54 bucket n=(0.000000,0.000000,1.000000) d=-0.000000; rows [162,163,164] pos0=(0.000000,0.000000,0.000000) pos1=(-0.300000,0.000000,0.000000) pos2=(-0.300000,-0.900000,-0.000000); covered_by=[53, 56]
[covered] removing tri 55 bucket n=(0.000000,0.000000,1.000000) d=-0.000000; rows [165,166,167] pos0=(0.000000,0.000000,0.000000) pos1=(0.000000,-0.900000,-0.000000) pos2=(-0.300000,-0.900000,-0.000000); covered_by=[53, 56]
[covered] removing tri 56 bucket n=(0.000000,0.000000,1.000000) d=-0.000000; rows [168,169,170] pos0=(-0.300000,0.000000,0.000000) pos1=(0.000000,-0.900000,-0.000000) pos2=(-0.300000,-0.900000,-0.000000); covered_by=[54, 55]
[covered] removing tri 71 bucket n=(0.000000,0.000000,1.000000) d=-0.000000; rows [213,214,215] pos0=(0.000000,1.500000,0.000000) pos1=(-0.300000,1.500000,0.000000) pos2=(0.000000,1.200000,0.000000); covered_by=[72, 73]
[covered] removing tri 72 bucket n=(0.000000,0.000000,1.000000) d=-0.000000; rows [216,217,218] pos0=(0.000000,1.500000,0.000000) pos1=(-0.300000,1.500000,0.000000) pos2=(-0.300000,1.200000,0.000000); covered_by=[71, 74]
[covered] removing tri 73 bucket n=(0.000000,0.000000,1.000000) d=-0.000000; rows [219,220,221] pos0=(0.000000,1.500000,0.000000) pos1=(0.000000,1.200000,0.000000) pos2=(-0.300000,1.200000,0.000000); covered_by=[71, 74]
[covered] removing tri 74 bucket n=(0.000000,0.000000,1.000000) d=-0.000000; rows [222,223,224] pos0=(-0.300000,1.500000,0.000000) pos1=(0.000000,1.200000,0.000000) pos2=(-0.300000,1.200000,0.000000); covered_by=[72, 73]
[covered] removing tri 3 bucket n=(0.000000,0.000000,1.000000) d=-0.300000; rows [9,10,11] pos0=(0.000000,0.000000,0.300000) pos1=(0.500000,1.500000,0.300000) pos2=(0.000000,1.500000,0.300000); covered_by=[2, 4]
[covered] removing tri 40 bucket n=(0.000000,0.000000,1.000000) d=-0.300000; rows [120,121,122] pos0=(0.500000,0.000000,0.300000) pos1=(0.800000,0.000000,0.300000) pos2=(0.500000,-0.900000,0.300000); covered_by=[41, 42]
[covered] removing tri 41 bucket n=(0.000000,0.000000,1.000000) d=-0.300000; rows [123,124,125] pos0=(0.500000,0.000000,0.300000) pos1=(0.800000,0.000000,0.300000) pos2=(0.800000,-0.900000,0.300000); covered_by=[40, 43]
[covered] removing tri 42 bucket n=(0.000000,0.000000,1.000000) d=-0.300000; rows [126,127,128] pos0=(0.500000,0.000000,0.300000) pos1=(0.500000,-0.900000,0.300000) pos2=(0.800000,-0.900000,0.300000); covered_by=[40, 43]
[covered] removing tri 43 bucket n=(0.000000,0.000000,1.000000) d=-0.300000; rows [129,130,131] pos0=(0.800000,0.000000,0.300000) pos1=(0.500000,-0.900000,0.300000) pos2=(0.800000,-0.900000,0.300000); covered_by=[41, 42]
[covered] removing tri 61 bucket n=(0.000000,0.000000,1.000000) d=-0.300000; rows [183,184,185] pos0=(0.000000,0.000000,0.300000) pos1=(-0.300000,0.000000,0.300000) pos2=(0.000000,-0.900000,0.300000); covered_by=[62, 63]
[covered] removing tri 62 bucket n=(0.000000,0.000000,1.000000) d=-0.300000; rows [186,187,188] pos0=(0.000000,0.000000,0.300000) pos1=(-0.300000,0.000000,0.300000) pos2=(-0.300000,-0.900000,0.300000); covered_by=[61, 64]
[covered] removing tri 63 bucket n=(0.000000,0.000000,1.000000) d=-0.300000; rows [189,190,191] pos0=(0.000000,0.000000,0.300000) pos1=(0.000000,-0.900000,0.300000) pos2=(-0.300000,-0.900000,0.300000); covered_by=[61, 64]
[covered] removing tri 64 bucket n=(0.000000,0.000000,1.000000) d=-0.300000; rows [192,193,194] pos0=(-0.300000,0.000000,0.300000) pos1=(0.000000,-0.900000,0.300000) pos2=(-0.300000,-0.900000,0.300000); covered_by=[62, 63]
[covered] removing tri 5 bucket n=(1.000000,0.000000,0.000000) d=-0.000000; rows [15,16,17] pos0=(0.000000,0.000000,0.000000) pos1=(0.000000,1.500000,0.000000) pos2=(0.000000,0.000000,0.300000); covered_by=[6, 7]
[covered] removing tri 6 bucket n=(1.000000,0.000000,0.000000) d=-0.000000; rows [18,19,20] pos0=(0.000000,0.000000,0.000000) pos1=(0.000000,1.500000,0.000000) pos2=(0.000000,1.500000,0.300000); covered_by=[5, 8]
[covered] removing tri 7 bucket n=(1.000000,0.000000,0.000000) d=-0.000000; rows [21,22,23] pos0=(0.000000,0.000000,0.000000) pos1=(0.000000,0.000000,0.300000) pos2=(0.000000,1.500000,0.300000); covered_by=[5, 8]
[covered] removing tri 8 bucket n=(1.000000,0.000000,0.000000) d=-0.000000; rows [24,25,26] pos0=(0.000000,1.500000,0.000000) pos1=(0.000000,0.000000,0.300000) pos2=(0.000000,1.500000,0.300000); covered_by=[6, 7]
[covered] removing tri 49 bucket n=(1.000000,0.000000,0.000000) d=-0.000000; rows [147,148,149] pos0=(0.000000,0.000000,0.000000) pos1=(0.000000,0.000000,0.300000) pos2=(0.000000,-0.900000,-0.000000); covered_by=[50, 51]
[covered] removing tri 50 bucket n=(1.000000,0.000000,0.000000) d=-0.000000; rows [150,151,152] pos0=(0.000000,0.000000,0.000000) pos1=(0.000000,0.000000,0.300000) pos2=(0.000000,-0.900000,0.300000); covered_by=[49, 52]
[covered] removing tri 51 bucket n=(1.000000,0.000000,0.000000) d=-0.000000; rows [153,154,155] pos0=(0.000000,0.000000,0.000000) pos1=(0.000000,-0.900000,-0.000000) pos2=(0.000000,-0.900000,0.300000); covered_by=[49, 52]
[covered] removing tri 52 bucket n=(1.000000,0.000000,0.000000) d=-0.000000; rows [156,157,158] pos0=(0.000000,0.000000,0.300000) pos1=(0.000000,-0.900000,-0.000000) pos2=(0.000000,-0.900000,0.300000); covered_by=[50, 51]
[covered] removing tri 83 bucket n=(1.000000,0.000000,0.000000) d=-0.000000; rows [249,250,251] pos0=(0.000000,1.500000,0.000000) pos1=(0.000000,1.500000,1.000000) pos2=(0.000000,1.200000,0.000000); covered_by=[6, 84, 85]
[covered] removing tri 84 bucket n=(1.000000,0.000000,0.000000) d=-0.000000; rows [252,253,254] pos0=(0.000000,1.500000,0.000000) pos1=(0.000000,1.500000,1.000000) pos2=(0.000000,1.200000,1.000000); covered_by=[83, 86]
[covered] removing tri 85 bucket n=(1.000000,0.000000,0.000000) d=-0.000000; rows [255,256,257] pos0=(0.000000,1.500000,0.000000) pos1=(0.000000,1.200000,0.000000) pos2=(0.000000,1.200000,1.000000); covered_by=[6, 83, 86]
[covered] removing tri 86 bucket n=(1.000000,0.000000,0.000000) d=-0.000000; rows [258,259,260] pos0=(0.000000,1.500000,1.000000) pos1=(0.000000,1.200000,0.000000) pos2=(0.000000,1.200000,1.000000); covered_by=[84, 85]
[covered] removing tri 9 bucket n=(0.000000,1.000000,-0.000000) d=-1.500000; rows [27,28,29] pos0=(0.500000,1.500000,0.000000) pos1=(0.000000,1.500000,0.000000) pos2=(0.500000,1.500000,0.300000); covered_by=[10, 11]
[covered] removing tri 10 bucket n=(0.000000,1.000000,-0.000000) d=-1.500000; rows [30,31,32] pos0=(0.500000,1.500000,0.000000) pos1=(0.000000,1.500000,0.000000) pos2=(0.000000,1.500000,0.300000); covered_by=[9, 12]
[covered] removing tri 11 bucket n=(0.000000,1.000000,-0.000000) d=-1.500000; rows [33,34,35] pos0=(0.500000,1.500000,0.000000) pos1=(0.500000,1.500000,0.300000) pos2=(0.000000,1.500000,0.300000); covered_by=[9, 12]
[covered] removing tri 12 bucket n=(0.000000,1.000000,-0.000000) d=-1.500000; rows [36,37,38] pos0=(0.000000,1.500000,0.000000) pos1=(0.500000,1.500000,0.300000) pos2=(0.000000,1.500000,0.300000); covered_by=[10, 11]
[covered] removing tri 13 bucket n=(1.000000,0.000000,0.000000) d=-0.500000; rows [39,40,41] pos0=(0.500000,0.000000,0.000000) pos1=(0.500000,1.500000,0.000000) pos2=(0.500000,0.000000,0.300000); covered_by=[14, 15]
[covered] removing tri 14 bucket n=(1.000000,0.000000,0.000000) d=-0.500000; rows [42,43,44] pos0=(0.500000,0.000000,0.000000) pos1=(0.500000,1.500000,0.000000) pos2=(0.500000,1.500000,0.300000); covered_by=[13, 16]
[covered] removing tri 15 bucket n=(1.000000,0.000000,0.000000) d=-0.500000; rows [45,46,47] pos0=(0.500000,0.000000,0.000000) pos1=(0.500000,0.000000,0.300000) pos2=(0.500000,1.500000,0.300000); covered_by=[13, 16]
[covered] removing tri 16 bucket n=(1.000000,0.000000,0.000000) d=-0.500000; rows [48,49,50] pos0=(0.500000,1.500000,0.000000) pos1=(0.500000,0.000000,0.300000) pos2=(0.500000,1.500000,0.300000); covered_by=[14, 15]
[covered] removing tri 28 bucket n=(1.000000,0.000000,0.000000) d=-0.500000; rows [84,85,86] pos0=(0.500000,0.000000,0.000000) pos1=(0.500000,0.000000,0.300000) pos2=(0.500000,-0.900000,-0.000000); covered_by=[29, 30]
[covered] removing tri 29 bucket n=(1.000000,0.000000,0.000000) d=-0.500000; rows [87,88,89] pos0=(0.500000,0.000000,0.000000) pos1=(0.500000,0.000000,0.300000) pos2=(0.500000,-0.900000,0.300000); covered_by=[28, 31]
[covered] removing tri 30 bucket n=(1.000000,0.000000,0.000000) d=-0.500000; rows [90,91,92] pos0=(0.500000,0.000000,0.000000) pos1=(0.500000,-0.900000,-0.000000) pos2=(0.500000,-0.900000,0.300000); covered_by=[28, 31]
[covered] removing tri 31 bucket n=(1.000000,0.000000,0.000000) d=-0.500000; rows [93,94,95] pos0=(0.500000,0.000000,0.300000) pos1=(0.500000,-0.900000,-0.000000) pos2=(0.500000,-0.900000,0.300000); covered_by=[29, 30]
[covered] removing tri 17 bucket n=(-0.000000,1.000000,-0.000000) d=-0.000000; rows [51,52,53] pos0=(0.000000,0.000000,0.000000) pos1=(0.500000,0.000000,0.000000) pos2=(0.000000,0.000000,0.300000); covered_by=[18, 19]
[covered] removing tri 18 bucket n=(-0.000000,1.000000,-0.000000) d=-0.000000; rows [54,55,56] pos0=(0.000000,0.000000,0.000000) pos1=(0.500000,0.000000,0.000000) pos2=(0.500000,0.000000,0.300000); covered_by=[17, 20]
[covered] removing tri 19 bucket n=(-0.000000,1.000000,-0.000000) d=-0.000000; rows [57,58,59] pos0=(0.000000,0.000000,0.000000) pos1=(0.000000,0.000000,0.300000) pos2=(0.500000,0.000000,0.300000); covered_by=[17, 20]
[covered] removing tri 20 bucket n=(-0.000000,1.000000,-0.000000) d=-0.000000; rows [60,61,62] pos0=(0.500000,0.000000,0.000000) pos1=(0.000000,0.000000,0.300000) pos2=(0.500000,0.000000,0.300000); covered_by=[18, 19]
[covered] removing tri 26 bucket n=(0.000000,1.000000,0.000000) d=0.900000; rows [78,79,80] pos0=(0.500000,-0.900000,-0.000000) pos1=(0.800000,-0.900000,0.300000) pos2=(0.800000,-0.900000,-0.000000); covered_by=[25, 27]
[covered] removing tri 47 bucket n=(0.000000,1.000000,0.000000) d=0.900000; rows [141,142,143] pos0=(0.000000,-0.900000,-0.000000) pos1=(-0.300000,-0.900000,0.300000) pos2=(-0.300000,-0.900000,-0.000000); covered_by=[46, 48]
[covered] removing tri 36 bucket n=(1.000000,0.000000,0.000000) d=-0.800000; rows [108,109,110] pos0=(0.800000,0.000000,0.300000) pos1=(0.800000,0.000000,0.000000) pos2=(0.800000,-0.900000,0.300000); covered_by=[37, 38]
[covered] removing tri 37 bucket n=(1.000000,0.000000,0.000000) d=-0.800000; rows [111,112,113] pos0=(0.800000,0.000000,0.300000) pos1=(0.800000,0.000000,0.000000) pos2=(0.800000,-0.900000,-0.000000); covered_by=[36, 39]
[covered] removing tri 38 bucket n=(1.000000,0.000000,0.000000) d=-0.800000; rows [114,115,116] pos0=(0.800000,0.000000,0.300000) pos1=(0.800000,-0.900000,0.300000) pos2=(0.800000,-0.900000,-0.000000); covered_by=[36, 39]
[covered] removing tri 39 bucket n=(1.000000,0.000000,0.000000) d=-0.800000; rows [117,118,119] pos0=(0.800000,0.000000,0.000000) pos1=(0.800000,-0.900000,0.300000) pos2=(0.800000,-0.900000,-0.000000); covered_by=[37, 38]
[covered] removing tri 57 bucket n=(1.000000,0.000000,0.000000) d=0.300000; rows [171,172,173] pos0=(-0.300000,0.000000,0.300000) pos1=(-0.300000,0.000000,0.000000) pos2=(-0.300000,-0.900000,0.300000); covered_by=[58, 59]
[covered] removing tri 58 bucket n=(1.000000,0.000000,0.000000) d=0.300000; rows [174,175,176] pos0=(-0.300000,0.000000,0.300000) pos1=(-0.300000,0.000000,0.000000) pos2=(-0.300000,-0.900000,-0.000000); covered_by=[57, 60]
[covered] removing tri 59 bucket n=(1.000000,0.000000,0.000000) d=0.300000; rows [177,178,179] pos0=(-0.300000,0.000000,0.300000) pos1=(-0.300000,-0.900000,0.300000) pos2=(-0.300000,-0.900000,-0.000000); covered_by=[57, 60]
[covered] removing tri 60 bucket n=(1.000000,0.000000,0.000000) d=0.300000; rows [180,181,182] pos0=(-0.300000,0.000000,0.000000) pos1=(-0.300000,-0.900000,0.300000) pos2=(-0.300000,-0.900000,-0.000000); covered_by=[58, 59]
[covered] removing tri 75 bucket n=(1.000000,0.000000,0.000000) d=0.300000; rows [225,226,227] pos0=(-0.300000,1.500000,1.000000) pos1=(-0.300000,1.500000,0.000000) pos2=(-0.300000,1.200000,1.000000); covered_by=[76, 77]
[covered] removing tri 76 bucket n=(1.000000,0.000000,0.000000) d=0.300000; rows [228,229,230] pos0=(-0.300000,1.500000,1.000000) pos1=(-0.300000,1.500000,0.000000) pos2=(-0.300000,1.200000,0.000000); covered_by=[75, 78]
[covered] removing tri 77 bucket n=(1.000000,0.000000,0.000000) d=0.300000; rows [231,232,233] pos0=(-0.300000,1.500000,1.000000) pos1=(-0.300000,1.200000,1.000000) pos2=(-0.300000,1.200000,0.000000); covered_by=[75, 78]
[covered] removing tri 78 bucket n=(1.000000,0.000000,0.000000) d=0.300000; rows [234,235,236] pos0=(-0.300000,1.500000,0.000000) pos1=(-0.300000,1.200000,1.000000) pos2=(-0.300000,1.200000,0.000000); covered_by=[76, 77]
[covered] removing tri 67 bucket n=(-0.000000,1.000000,-0.000000) d=-1.200000; rows [201,202,203] pos0=(0.000000,1.200000,0.000000) pos1=(0.000000,1.200000,1.000000) pos2=(-0.300000,1.200000,1.000000); covered_by=[68, 70]
[covered] removing tri 68 bucket n=(-0.000000,1.000000,-0.000000) d=-1.200000; rows [204,205,206] pos0=(0.000000,1.200000,0.000000) pos1=(0.000000,1.200000,1.000000) pos2=(-0.300000,1.200000,0.000000); covered_by=[67, 69]
[covered] removing tri 69 bucket n=(-0.000000,1.000000,-0.000000) d=-1.200000; rows [207,208,209] pos0=(0.000000,1.200000,0.000000) pos1=(-0.300000,1.200000,1.000000) pos2=(-0.300000,1.200000,0.000000); covered_by=[68, 70]
[covered] removing tri 70 bucket n=(-0.000000,1.000000,-0.000000) d=-1.200000; rows [210,211,212] pos0=(0.000000,1.200000,1.000000) pos1=(-0.300000,1.200000,1.000000) pos2=(-0.300000,1.200000,0.000000); covered_by=[67, 69]
[covered] removing tri 79 bucket n=(0.000000,0.000000,1.000000) d=-1.000000; rows [237,238,239] pos0=(0.000000,1.500000,1.000000) pos1=(-0.300000,1.500000,1.000000) pos2=(0.000000,1.200000,1.000000); covered_by=[80, 81]
[covered] removing tri 80 bucket n=(0.000000,0.000000,1.000000) d=-1.000000; rows [240,241,242] pos0=(0.000000,1.500000,1.000000) pos1=(-0.300000,1.500000,1.000000) pos2=(-0.300000,1.200000,1.000000); covered_by=[79, 82]
[covered] removing tri 81 bucket n=(0.000000,0.000000,1.000000) d=-1.000000; rows [243,244,245] pos0=(0.000000,1.500000,1.000000) pos1=(0.000000,1.200000,1.000000) pos2=(-0.300000,1.200000,1.000000); covered_by=[79, 82]
[covered] removing tri 82 bucket n=(0.000000,0.000000,1.000000) d=-1.000000; rows [246,247,248] pos0=(-0.300000,1.500000,1.000000) pos1=(0.000000,1.200000,1.000000) pos2=(-0.300000,1.200000,1.000000); covered_by=[80, 81]
[covered] plane bucket count: 11
[covered] bucket n=(0.000000,0.000000,1.000000) d=-0.000000 count=16 idx=[0, 1, 21, 22, 32, 33 ...]
  tri 0: rows [0,1,2] pos0=(0.000000,0.000000,0.000000) pos1=(0.500000,0.000000,0.000000) pos2=(0.500000,1.500000,0.000000)
  tri 1: rows [3,4,5] pos0=(0.000000,0.000000,0.000000) pos1=(0.500000,1.500000,0.000000) pos2=(0.000000,1.500000,0.000000)
  tri 21: rows [63,64,65] pos0=(0.000000,0.000000,0.000000) pos1=(0.500000,0.000000,0.000000) pos2=(0.000000,1.500000,0.000000)
  tri 22: rows [66,67,68] pos0=(0.500000,0.000000,0.000000) pos1=(0.500000,1.500000,0.000000) pos2=(0.000000,1.500000,0.000000)
  tri 32: rows [96,97,98] pos0=(0.500000,0.000000,0.000000) pos1=(0.800000,0.000000,0.000000) pos2=(0.500000,-0.900000,-0.000000)
  tri 33: rows [99,100,101] pos0=(0.500000,0.000000,0.000000) pos1=(0.800000,0.000000,0.000000) pos2=(0.800000,-0.900000,-0.000000)
  tri 34: rows [102,103,104] pos0=(0.500000,0.000000,0.000000) pos1=(0.500000,-0.900000,-0.000000) pos2=(0.800000,-0.900000,-0.000000)
  tri 35: rows [105,106,107] pos0=(0.800000,0.000000,0.000000) pos1=(0.500000,-0.900000,-0.000000) pos2=(0.800000,-0.900000,-0.000000)
  tri 53: rows [159,160,161] pos0=(0.000000,0.000000,0.000000) pos1=(-0.300000,0.000000,0.000000) pos2=(0.000000,-0.900000,-0.000000)
  tri 54: rows [162,163,164] pos0=(0.000000,0.000000,0.000000) pos1=(-0.300000,0.000000,0.000000) pos2=(-0.300000,-0.900000,-0.000000)
  tri 55: rows [165,166,167] pos0=(0.000000,0.000000,0.000000) pos1=(0.000000,-0.900000,-0.000000) pos2=(-0.300000,-0.900000,-0.000000)
  tri 56: rows [168,169,170] pos0=(-0.300000,0.000000,0.000000) pos1=(0.000000,-0.900000,-0.000000) pos2=(-0.300000,-0.900000,-0.000000)
  tri 71: rows [213,214,215] pos0=(0.000000,1.500000,0.000000) pos1=(-0.300000,1.500000,0.000000) pos2=(0.000000,1.200000,0.000000)
  tri 72: rows [216,217,218] pos0=(0.000000,1.500000,0.000000) pos1=(-0.300000,1.500000,0.000000) pos2=(-0.300000,1.200000,0.000000)
  tri 73: rows [219,220,221] pos0=(0.000000,1.500000,0.000000) pos1=(0.000000,1.200000,0.000000) pos2=(-0.300000,1.200000,0.000000)
  tri 74: rows [222,223,224] pos0=(-0.300000,1.500000,0.000000) pos1=(0.000000,1.200000,0.000000) pos2=(-0.300000,1.200000,0.000000)
[covered] bucket n=(0.000000,0.000000,1.000000) d=-0.300000 count=11 idx=[2, 3, 4, 40, 41, 42 ...]
  tri 2: rows [6,7,8] pos0=(0.000000,0.000000,0.300000) pos1=(0.500000,0.000000,0.300000) pos2=(0.000000,1.500000,0.300000)
  tri 3: rows [9,10,11] pos0=(0.000000,0.000000,0.300000) pos1=(0.500000,1.500000,0.300000) pos2=(0.000000,1.500000,0.300000)
  tri 4: rows [12,13,14] pos0=(0.500000,0.000000,0.300000) pos1=(0.500000,1.500000,0.300000) pos2=(0.000000,1.500000,0.300000)
  tri 40: rows [120,121,122] pos0=(0.500000,0.000000,0.300000) pos1=(0.800000,0.000000,0.300000) pos2=(0.500000,-0.900000,0.300000)
  tri 41: rows [123,124,125] pos0=(0.500000,0.000000,0.300000) pos1=(0.800000,0.000000,0.300000) pos2=(0.800000,-0.900000,0.300000)
  tri 42: rows [126,127,128] pos0=(0.500000,0.000000,0.300000) pos1=(0.500000,-0.900000,0.300000) pos2=(0.800000,-0.900000,0.300000)
  tri 43: rows [129,130,131] pos0=(0.800000,0.000000,0.300000) pos1=(0.500000,-0.900000,0.300000) pos2=(0.800000,-0.900000,0.300000)
  tri 61: rows [183,184,185] pos0=(0.000000,0.000000,0.300000) pos1=(-0.300000,0.000000,0.300000) pos2=(0.000000,-0.900000,0.300000)
  tri 62: rows [186,187,188] pos0=(0.000000,0.000000,0.300000) pos1=(-0.300000,0.000000,0.300000) pos2=(-0.300000,-0.900000,0.300000)
  tri 63: rows [189,190,191] pos0=(0.000000,0.000000,0.300000) pos1=(0.000000,-0.900000,0.300000) pos2=(-0.300000,-0.900000,0.300000)
  tri 64: rows [192,193,194] pos0=(-0.300000,0.000000,0.300000) pos1=(0.000000,-0.900000,0.300000) pos2=(-0.300000,-0.900000,0.300000)
[covered] bucket n=(1.000000,0.000000,0.000000) d=-0.000000 count=12 idx=[5, 6, 7, 8, 49, 50 ...] x≈0.000000
  tri 5: rows [15,16,17] pos0=(0.000000,0.000000,0.000000) pos1=(0.000000,1.500000,0.000000) pos2=(0.000000,0.000000,0.300000)
  tri 6: rows [18,19,20] pos0=(0.000000,0.000000,0.000000) pos1=(0.000000,1.500000,0.000000) pos2=(0.000000,1.500000,0.300000)
  tri 7: rows [21,22,23] pos0=(0.000000,0.000000,0.000000) pos1=(0.000000,0.000000,0.300000) pos2=(0.000000,1.500000,0.300000)
  tri 8: rows [24,25,26] pos0=(0.000000,1.500000,0.000000) pos1=(0.000000,0.000000,0.300000) pos2=(0.000000,1.500000,0.300000)
  tri 49: rows [147,148,149] pos0=(0.000000,0.000000,0.000000) pos1=(0.000000,0.000000,0.300000) pos2=(0.000000,-0.900000,-0.000000)
  tri 50: rows [150,151,152] pos0=(0.000000,0.000000,0.000000) pos1=(0.000000,0.000000,0.300000) pos2=(0.000000,-0.900000,0.300000)
  tri 51: rows [153,154,155] pos0=(0.000000,0.000000,0.000000) pos1=(0.000000,-0.900000,-0.000000) pos2=(0.000000,-0.900000,0.300000)
  tri 52: rows [156,157,158] pos0=(0.000000,0.000000,0.300000) pos1=(0.000000,-0.900000,-0.000000) pos2=(0.000000,-0.900000,0.300000)
  tri 83: rows [249,250,251] pos0=(0.000000,1.500000,0.000000) pos1=(0.000000,1.500000,1.000000) pos2=(0.000000,1.200000,0.000000)
  tri 84: rows [252,253,254] pos0=(0.000000,1.500000,0.000000) pos1=(0.000000,1.500000,1.000000) pos2=(0.000000,1.200000,1.000000)
  tri 85: rows [255,256,257] pos0=(0.000000,1.500000,0.000000) pos1=(0.000000,1.200000,0.000000) pos2=(0.000000,1.200000,1.000000)
  tri 86: rows [258,259,260] pos0=(0.000000,1.500000,1.000000) pos1=(0.000000,1.200000,0.000000) pos2=(0.000000,1.200000,1.000000)
[covered] bucket n=(0.000000,1.000000,-0.000000) d=-1.500000 count=6 idx=[9, 10, 11, 12, 65, 66] y≈1.500000
  tri 9: rows [27,28,29] pos0=(0.500000,1.500000,0.000000) pos1=(0.000000,1.500000,0.000000) pos2=(0.500000,1.500000,0.300000)
  tri 10: rows [30,31,32] pos0=(0.500000,1.500000,0.000000) pos1=(0.000000,1.500000,0.000000) pos2=(0.000000,1.500000,0.300000)
  tri 11: rows [33,34,35] pos0=(0.500000,1.500000,0.000000) pos1=(0.500000,1.500000,0.300000) pos2=(0.000000,1.500000,0.300000)
  tri 12: rows [36,37,38] pos0=(0.000000,1.500000,0.000000) pos1=(0.500000,1.500000,0.300000) pos2=(0.000000,1.500000,0.300000)
  tri 65: rows [195,196,197] pos0=(0.000000,1.500000,0.000000) pos1=(0.000000,1.500000,1.000000) pos2=(-0.300000,1.500000,1.000000)
  tri 66: rows [198,199,200] pos0=(0.000000,1.500000,0.000000) pos1=(-0.300000,1.500000,1.000000) pos2=(-0.300000,1.500000,0.000000)
[covered] bucket n=(1.000000,0.000000,0.000000) d=-0.500000 count=8 idx=[13, 14, 15, 16, 28, 29 ...] x≈0.500000
  tri 13: rows [39,40,41] pos0=(0.500000,0.000000,0.000000) pos1=(0.500000,1.500000,0.000000) pos2=(0.500000,0.000000,0.300000)
  tri 14: rows [42,43,44] pos0=(0.500000,0.000000,0.000000) pos1=(0.500000,1.500000,0.000000) pos2=(0.500000,1.500000,0.300000)
  tri 15: rows [45,46,47] pos0=(0.500000,0.000000,0.000000) pos1=(0.500000,0.000000,0.300000) pos2=(0.500000,1.500000,0.300000)
  tri 16: rows [48,49,50] pos0=(0.500000,1.500000,0.000000) pos1=(0.500000,0.000000,0.300000) pos2=(0.500000,1.500000,0.300000)
  tri 28: rows [84,85,86] pos0=(0.500000,0.000000,0.000000) pos1=(0.500000,0.000000,0.300000) pos2=(0.500000,-0.900000,-0.000000)
  tri 29: rows [87,88,89] pos0=(0.500000,0.000000,0.000000) pos1=(0.500000,0.000000,0.300000) pos2=(0.500000,-0.900000,0.300000)
  tri 30: rows [90,91,92] pos0=(0.500000,0.000000,0.000000) pos1=(0.500000,-0.900000,-0.000000) pos2=(0.500000,-0.900000,0.300000)
  tri 31: rows [93,94,95] pos0=(0.500000,0.000000,0.300000) pos1=(0.500000,-0.900000,-0.000000) pos2=(0.500000,-0.900000,0.300000)
[covered] bucket n=(-0.000000,1.000000,-0.000000) d=-0.000000 count=8 idx=[17, 18, 19, 20, 23, 24 ...] y≈0.000000
  tri 17: rows [51,52,53] pos0=(0.000000,0.000000,0.000000) pos1=(0.500000,0.000000,0.000000) pos2=(0.000000,0.000000,0.300000)
  tri 18: rows [54,55,56] pos0=(0.000000,0.000000,0.000000) pos1=(0.500000,0.000000,0.000000) pos2=(0.500000,0.000000,0.300000)
  tri 19: rows [57,58,59] pos0=(0.000000,0.000000,0.000000) pos1=(0.000000,0.000000,0.300000) pos2=(0.500000,0.000000,0.300000)
  tri 20: rows [60,61,62] pos0=(0.500000,0.000000,0.000000) pos1=(0.000000,0.000000,0.300000) pos2=(0.500000,0.000000,0.300000)
  tri 23: rows [69,70,71] pos0=(0.500000,0.000000,0.000000) pos1=(0.500000,0.000000,0.300000) pos2=(0.800000,0.000000,0.300000)
  tri 24: rows [72,73,74] pos0=(0.500000,0.000000,0.000000) pos1=(0.800000,0.000000,0.300000) pos2=(0.800000,0.000000,0.000000)
  tri 44: rows [132,133,134] pos0=(0.000000,0.000000,0.000000) pos1=(0.000000,0.000000,0.300000) pos2=(-0.300000,0.000000,0.300000)
  tri 45: rows [135,136,137] pos0=(0.000000,0.000000,0.000000) pos1=(-0.300000,0.000000,0.300000) pos2=(-0.300000,0.000000,0.000000)
[covered] bucket n=(0.000000,1.000000,0.000000) d=0.900000 count=6 idx=[25, 26, 27, 46, 47, 48] y≈-0.900000
  tri 25: rows [75,76,77] pos0=(0.500000,-0.900000,-0.000000) pos1=(0.500000,-0.900000,0.300000) pos2=(0.800000,-0.900000,-0.000000)
  tri 26: rows [78,79,80] pos0=(0.500000,-0.900000,-0.000000) pos1=(0.800000,-0.900000,0.300000) pos2=(0.800000,-0.900000,-0.000000)
  tri 27: rows [81,82,83] pos0=(0.500000,-0.900000,0.300000) pos1=(0.800000,-0.900000,0.300000) pos2=(0.800000,-0.900000,-0.000000)
  tri 46: rows [138,139,140] pos0=(0.000000,-0.900000,-0.000000) pos1=(0.000000,-0.900000,0.300000) pos2=(-0.300000,-0.900000,-0.000000)
  tri 47: rows [141,142,143] pos0=(0.000000,-0.900000,-0.000000) pos1=(-0.300000,-0.900000,0.300000) pos2=(-0.300000,-0.900000,-0.000000)
  tri 48: rows [144,145,146] pos0=(0.000000,-0.900000,0.300000) pos1=(-0.300000,-0.900000,0.300000) pos2=(-0.300000,-0.900000,-0.000000)
[covered] bucket n=(1.000000,0.000000,0.000000) d=-0.800000 count=4 idx=[36, 37, 38, 39] x≈0.800000
  tri 36: rows [108,109,110] pos0=(0.800000,0.000000,0.300000) pos1=(0.800000,0.000000,0.000000) pos2=(0.800000,-0.900000,0.300000)
  tri 37: rows [111,112,113] pos0=(0.800000,0.000000,0.300000) pos1=(0.800000,0.000000,0.000000) pos2=(0.800000,-0.900000,-0.000000)
  tri 38: rows [114,115,116] pos0=(0.800000,0.000000,0.300000) pos1=(0.800000,-0.900000,0.300000) pos2=(0.800000,-0.900000,-0.000000)
  tri 39: rows [117,118,119] pos0=(0.800000,0.000000,0.000000) pos1=(0.800000,-0.900000,0.300000) pos2=(0.800000,-0.900000,-0.000000)
[covered] bucket n=(1.000000,0.000000,0.000000) d=0.300000 count=8 idx=[57, 58, 59, 60, 75, 76 ...] x≈-0.300000
  tri 57: rows [171,172,173] pos0=(-0.300000,0.000000,0.300000) pos1=(-0.300000,0.000000,0.000000) pos2=(-0.300000,-0.900000,0.300000)
  tri 58: rows [174,175,176] pos0=(-0.300000,0.000000,0.300000) pos1=(-0.300000,0.000000,0.000000) pos2=(-0.300000,-0.900000,-0.000000)
  tri 59: rows [177,178,179] pos0=(-0.300000,0.000000,0.300000) pos1=(-0.300000,-0.900000,0.300000) pos2=(-0.300000,-0.900000,-0.000000)
  tri 60: rows [180,181,182] pos0=(-0.300000,0.000000,0.000000) pos1=(-0.300000,-0.900000,0.300000) pos2=(-0.300000,-0.900000,-0.000000)
  tri 75: rows [225,226,227] pos0=(-0.300000,1.500000,1.000000) pos1=(-0.300000,1.500000,0.000000) pos2=(-0.300000,1.200000,1.000000)
  tri 76: rows [228,229,230] pos0=(-0.300000,1.500000,1.000000) pos1=(-0.300000,1.500000,0.000000) pos2=(-0.300000,1.200000,0.000000)
  tri 77: rows [231,232,233] pos0=(-0.300000,1.500000,1.000000) pos1=(-0.300000,1.200000,1.000000) pos2=(-0.300000,1.200000,0.000000)
  tri 78: rows [234,235,236] pos0=(-0.300000,1.500000,0.000000) pos1=(-0.300000,1.200000,1.000000) pos2=(-0.300000,1.200000,0.000000)
[covered] bucket n=(-0.000000,1.000000,-0.000000) d=-1.200000 count=4 idx=[67, 68, 69, 70] y≈1.200000
  tri 67: rows [201,202,203] pos0=(0.000000,1.200000,0.000000) pos1=(0.000000,1.200000,1.000000) pos2=(-0.300000,1.200000,1.000000)
  tri 68: rows [204,205,206] pos0=(0.000000,1.200000,0.000000) pos1=(0.000000,1.200000,1.000000) pos2=(-0.300000,1.200000,0.000000)
  tri 69: rows [207,208,209] pos0=(0.000000,1.200000,0.000000) pos1=(-0.300000,1.200000,1.000000) pos2=(-0.300000,1.200000,0.000000)
  tri 70: rows [210,211,212] pos0=(0.000000,1.200000,1.000000) pos1=(-0.300000,1.200000,1.000000) pos2=(-0.300000,1.200000,0.000000)
[covered] bucket n=(0.000000,0.000000,1.000000) d=-1.000000 count=4 idx=[79, 80, 81, 82]
  tri 79: rows [237,238,239] pos0=(0.000000,1.500000,1.000000) pos1=(-0.300000,1.500000,1.000000) pos2=(0.000000,1.200000,1.000000)
  tri 80: rows [240,241,242] pos0=(0.000000,1.500000,1.000000) pos1=(-0.300000,1.500000,1.000000) pos2=(-0.300000,1.200000,1.000000)
  tri 81: rows [243,244,245] pos0=(0.000000,1.500000,1.000000) pos1=(0.000000,1.200000,1.000000) pos2=(-0.300000,1.200000,1.000000)
  tri 82: rows [246,247,248] pos0=(-0.300000,1.500000,1.000000) pos1=(0.000000,1.200000,1.000000) pos2=(-0.300000,1.200000,1.000000)
[covered] removing tri 0 bucket n=(0.000000,0.000000,1.000000) d=-0.000000; rows [0,1,2] pos0=(0.000000,0.000000,0.000000) pos1=(0.500000,0.000000,0.000000) pos2=(0.500000,1.500000,0.000000); covered_by_alive=[21, 22]
[covered] removing tri 1 bucket n=(0.000000,0.000000,1.000000) d=-0.000000; rows [3,4,5] pos0=(0.000000,0.000000,0.000000) pos1=(0.500000,1.500000,0.000000) pos2=(0.000000,1.500000,0.000000); covered_by_alive=[21, 22]
[covered] removing tri 32 bucket n=(0.000000,0.000000,1.000000) d=-0.000000; rows [96,97,98] pos0=(0.500000,0.000000,0.000000) pos1=(0.800000,0.000000,0.000000) pos2=(0.500000,-0.900000,-0.000000); covered_by_alive=[33, 34]
[covered] removing tri 35 bucket n=(0.000000,0.000000,1.000000) d=-0.000000; rows [105,106,107] pos0=(0.800000,0.000000,0.000000) pos1=(0.500000,-0.900000,-0.000000) pos2=(0.800000,-0.900000,-0.000000); covered_by_alive=[33, 34]
[covered] removing tri 53 bucket n=(0.000000,0.000000,1.000000) d=-0.000000; rows [159,160,161] pos0=(0.000000,0.000000,0.000000) pos1=(-0.300000,0.000000,0.000000) pos2=(0.000000,-0.900000,-0.000000); covered_by_alive=[54, 55]
[covered] removing tri 56 bucket n=(0.000000,0.000000,1.000000) d=-0.000000; rows [168,169,170] pos0=(-0.300000,0.000000,0.000000) pos1=(0.000000,-0.900000,-0.000000) pos2=(-0.300000,-0.900000,-0.000000); covered_by_alive=[54, 55]
[covered] removing tri 71 bucket n=(0.000000,0.000000,1.000000) d=-0.000000; rows [213,214,215] pos0=(0.000000,1.500000,0.000000) pos1=(-0.300000,1.500000,0.000000) pos2=(0.000000,1.200000,0.000000); covered_by_alive=[72, 73]
[covered] removing tri 74 bucket n=(0.000000,0.000000,1.000000) d=-0.000000; rows [222,223,224] pos0=(-0.300000,1.500000,0.000000) pos1=(0.000000,1.200000,0.000000) pos2=(-0.300000,1.200000,0.000000); covered_by_alive=[72, 73]
[covered] removing tri 3 bucket n=(0.000000,0.000000,1.000000) d=-0.300000; rows [9,10,11] pos0=(0.000000,0.000000,0.300000) pos1=(0.500000,1.500000,0.300000) pos2=(0.000000,1.500000,0.300000); covered_by_alive=[2, 4]
[covered] removing tri 40 bucket n=(0.000000,0.000000,1.000000) d=-0.300000; rows [120,121,122] pos0=(0.500000,0.000000,0.300000) pos1=(0.800000,0.000000,0.300000) pos2=(0.500000,-0.900000,0.300000); covered_by_alive=[41, 42]
[covered] removing tri 43 bucket n=(0.000000,0.000000,1.000000) d=-0.300000; rows [129,130,131] pos0=(0.800000,0.000000,0.300000) pos1=(0.500000,-0.900000,0.300000) pos2=(0.800000,-0.900000,0.300000); covered_by_alive=[41, 42]
[covered] removing tri 61 bucket n=(0.000000,0.000000,1.000000) d=-0.300000; rows [183,184,185] pos0=(0.000000,0.000000,0.300000) pos1=(-0.300000,0.000000,0.300000) pos2=(0.000000,-0.900000,0.300000); covered_by_alive=[62, 63]
[covered] removing tri 64 bucket n=(0.000000,0.000000,1.000000) d=-0.300000; rows [192,193,194] pos0=(-0.300000,0.000000,0.300000) pos1=(0.000000,-0.900000,0.300000) pos2=(-0.300000,-0.900000,0.300000); covered_by_alive=[62, 63]
[covered] removing tri 5 bucket n=(1.000000,0.000000,0.000000) d=-0.000000; rows [15,16,17] pos0=(0.000000,0.000000,0.000000) pos1=(0.000000,1.500000,0.000000) pos2=(0.000000,0.000000,0.300000); covered_by_alive=[6, 7]
[covered] removing tri 8 bucket n=(1.000000,0.000000,0.000000) d=-0.000000; rows [24,25,26] pos0=(0.000000,1.500000,0.000000) pos1=(0.000000,0.000000,0.300000) pos2=(0.000000,1.500000,0.300000); covered_by_alive=[6, 7]
[covered] removing tri 49 bucket n=(1.000000,0.000000,0.000000) d=-0.000000; rows [147,148,149] pos0=(0.000000,0.000000,0.000000) pos1=(0.000000,0.000000,0.300000) pos2=(0.000000,-0.900000,-0.000000); covered_by_alive=[50, 51]
[covered] removing tri 52 bucket n=(1.000000,0.000000,0.000000) d=-0.000000; rows [156,157,158] pos0=(0.000000,0.000000,0.300000) pos1=(0.000000,-0.900000,-0.000000) pos2=(0.000000,-0.900000,0.300000); covered_by_alive=[50, 51]
[covered] removing tri 83 bucket n=(1.000000,0.000000,0.000000) d=-0.000000; rows [249,250,251] pos0=(0.000000,1.500000,0.000000) pos1=(0.000000,1.500000,1.000000) pos2=(0.000000,1.200000,0.000000); covered_by_alive=[6, 84, 85]
[covered] removing tri 86 bucket n=(1.000000,0.000000,0.000000) d=-0.000000; rows [258,259,260] pos0=(0.000000,1.500000,1.000000) pos1=(0.000000,1.200000,0.000000) pos2=(0.000000,1.200000,1.000000); covered_by_alive=[84, 85]
[covered] removing tri 9 bucket n=(0.000000,1.000000,-0.000000) d=-1.500000; rows [27,28,29] pos0=(0.500000,1.500000,0.000000) pos1=(0.000000,1.500000,0.000000) pos2=(0.500000,1.500000,0.300000); covered_by_alive=[10, 11]
[covered] removing tri 12 bucket n=(0.000000,1.000000,-0.000000) d=-1.500000; rows [36,37,38] pos0=(0.000000,1.500000,0.000000) pos1=(0.500000,1.500000,0.300000) pos2=(0.000000,1.500000,0.300000); covered_by_alive=[10, 11]
[covered] removing tri 13 bucket n=(1.000000,0.000000,0.000000) d=-0.500000; rows [39,40,41] pos0=(0.500000,0.000000,0.000000) pos1=(0.500000,1.500000,0.000000) pos2=(0.500000,0.000000,0.300000); covered_by_alive=[14, 15]
[covered] removing tri 16 bucket n=(1.000000,0.000000,0.000000) d=-0.500000; rows [48,49,50] pos0=(0.500000,1.500000,0.000000) pos1=(0.500000,0.000000,0.300000) pos2=(0.500000,1.500000,0.300000); covered_by_alive=[14, 15]
[covered] removing tri 28 bucket n=(1.000000,0.000000,0.000000) d=-0.500000; rows [84,85,86] pos0=(0.500000,0.000000,0.000000) pos1=(0.500000,0.000000,0.300000) pos2=(0.500000,-0.900000,-0.000000); covered_by_alive=[29, 30]
[covered] removing tri 31 bucket n=(1.000000,0.000000,0.000000) d=-0.500000; rows [93,94,95] pos0=(0.500000,0.000000,0.300000) pos1=(0.500000,-0.900000,-0.000000) pos2=(0.500000,-0.900000,0.300000); covered_by_alive=[29, 30]
[covered] removing tri 17 bucket n=(-0.000000,1.000000,-0.000000) d=-0.000000; rows [51,52,53] pos0=(0.000000,0.000000,0.000000) pos1=(0.500000,0.000000,0.000000) pos2=(0.000000,0.000000,0.300000); covered_by_alive=[18, 19]
[covered] removing tri 20 bucket n=(-0.000000,1.000000,-0.000000) d=-0.000000; rows [60,61,62] pos0=(0.500000,0.000000,0.000000) pos1=(0.000000,0.000000,0.300000) pos2=(0.500000,0.000000,0.300000); covered_by_alive=[18, 19]
[covered] removing tri 26 bucket n=(0.000000,1.000000,0.000000) d=0.900000; rows [78,79,80] pos0=(0.500000,-0.900000,-0.000000) pos1=(0.800000,-0.900000,0.300000) pos2=(0.800000,-0.900000,-0.000000); covered_by_alive=[25, 27]
[covered] removing tri 47 bucket n=(0.000000,1.000000,0.000000) d=0.900000; rows [141,142,143] pos0=(0.000000,-0.900000,-0.000000) pos1=(-0.300000,-0.900000,0.300000) pos2=(-0.300000,-0.900000,-0.000000); covered_by_alive=[46, 48]
[covered] removing tri 36 bucket n=(1.000000,0.000000,0.000000) d=-0.800000; rows [108,109,110] pos0=(0.800000,0.000000,0.300000) pos1=(0.800000,0.000000,0.000000) pos2=(0.800000,-0.900000,0.300000); covered_by_alive=[37, 38]
[covered] removing tri 39 bucket n=(1.000000,0.000000,0.000000) d=-0.800000; rows [117,118,119] pos0=(0.800000,0.000000,0.000000) pos1=(0.800000,-0.900000,0.300000) pos2=(0.800000,-0.900000,-0.000000); covered_by_alive=[37, 38]
[covered] removing tri 57 bucket n=(1.000000,0.000000,0.000000) d=0.300000; rows [171,172,173] pos0=(-0.300000,0.000000,0.300000) pos1=(-0.300000,0.000000,0.000000) pos2=(-0.300000,-0.900000,0.300000); covered_by_alive=[58, 59]
[covered] removing tri 60 bucket n=(1.000000,0.000000,0.000000) d=0.300000; rows [180,181,182] pos0=(-0.300000,0.000000,0.000000) pos1=(-0.300000,-0.900000,0.300000) pos2=(-0.300000,-0.900000,-0.000000); covered_by_alive=[58, 59]
[covered] removing tri 75 bucket n=(1.000000,0.000000,0.000000) d=0.300000; rows [225,226,227] pos0=(-0.300000,1.500000,1.000000) pos1=(-0.300000,1.500000,0.000000) pos2=(-0.300000,1.200000,1.000000); covered_by_alive=[76, 77]
[covered] removing tri 78 bucket n=(1.000000,0.000000,0.000000) d=0.300000; rows [234,235,236] pos0=(-0.300000,1.500000,0.000000) pos1=(-0.300000,1.200000,1.000000) pos2=(-0.300000,1.200000,0.000000); covered_by_alive=[76, 77]
[covered] removing tri 67 bucket n=(-0.000000,1.000000,-0.000000) d=-1.200000; rows [201,202,203] pos0=(0.000000,1.200000,0.000000) pos1=(0.000000,1.200000,1.000000) pos2=(-0.300000,1.200000,1.000000); covered_by_alive=[68, 70]
[covered] removing tri 69 bucket n=(-0.000000,1.000000,-0.000000) d=-1.200000; rows [207,208,209] pos0=(0.000000,1.200000,0.000000) pos1=(-0.300000,1.200000,1.000000) pos2=(-0.300000,1.200000,0.000000); covered_by_alive=[68, 70]
[covered] removing tri 79 bucket n=(0.000000,0.000000,1.000000) d=-1.000000; rows [237,238,239] pos0=(0.000000,1.500000,1.000000) pos1=(-0.300000,1.500000,1.000000) pos2=(0.000000,1.200000,1.000000); covered_by_alive=[80, 81]
[covered] removing tri 82 bucket n=(0.000000,0.000000,1.000000) d=-1.000000; rows [246,247,248] pos0=(-0.300000,1.500000,1.000000) pos1=(0.000000,1.200000,1.000000) pos2=(-0.300000,1.200000,1.000000); covered_by_alive=[80, 81]
[covered] plane bucket count: 8
[covered] bucket n=(0.000000,0.000000,1.000000) d=-0.000000 count=2 idx=[0, 1]
  tri 0: rows [0,1,2] pos0=(0.000000,0.000000,0.000000) pos1=(1.000000,0.000000,0.000000) pos2=(1.000000,1.000000,0.000000)
  tri 1: rows [3,4,5] pos0=(0.000000,0.000000,0.000000) pos1=(1.000000,1.000000,0.000000) pos2=(0.000000,1.000000,0.000000)
[covered] bucket n=(0.000000,0.000000,1.000000) d=-1.000000 count=3 idx=[2, 3, 4]
  tri 2: rows [6,7,8] pos0=(0.000000,0.000000,1.000000) pos1=(1.000000,0.000000,1.000000) pos2=(0.000000,1.000000,1.000000)
  tri 3: rows [9,10,11] pos0=(0.000000,0.000000,1.000000) pos1=(1.000000,1.000000,1.000000) pos2=(0.000000,1.000000,1.000000)
  tri 4: rows [12,13,14] pos0=(1.000000,0.000000,1.000000) pos1=(1.000000,1.000000,1.000000) pos2=(0.000000,1.000000,1.000000)
[covered] bucket n=(1.000000,0.000000,0.000000) d=-0.000000 count=4 idx=[5, 6, 7, 8] x≈0.000000
  tri 5: rows [15,16,17] pos0=(0.000000,0.000000,0.000000) pos1=(0.000000,1.000000,0.000000) pos2=(0.000000,0.000000,1.000000)
  tri 6: rows [18,19,20] pos0=(0.000000,0.000000,0.000000) pos1=(0.000000,1.000000,0.000000) pos2=(0.000000,1.000000,1.000000)
  tri 7: rows [21,22,23] pos0=(0.000000,0.000000,0.000000) pos1=(0.000000,0.000000,1.000000) pos2=(0.000000,1.000000,1.000000)
  tri 8: rows [24,25,26] pos0=(0.000000,1.000000,0.000000) pos1=(0.000000,0.000000,1.000000) pos2=(0.000000,1.000000,1.000000)
[covered] bucket n=(0.000000,1.000000,-0.000000) d=-1.000000 count=4 idx=[9, 10, 11, 12] y≈1.000000
  tri 9: rows [27,28,29] pos0=(1.000000,1.000000,0.000000) pos1=(0.000000,1.000000,0.000000) pos2=(1.000000,1.000000,1.000000)
  tri 10: rows [30,31,32] pos0=(1.000000,1.000000,0.000000) pos1=(0.000000,1.000000,0.000000) pos2=(0.000000,1.000000,1.000000)
  tri 11: rows [33,34,35] pos0=(1.000000,1.000000,0.000000) pos1=(1.000000,1.000000,1.000000) pos2=(0.000000,1.000000,1.000000)
  tri 12: rows [36,37,38] pos0=(0.000000,1.000000,0.000000) pos1=(1.000000,1.000000,1.000000) pos2=(0.000000,1.000000,1.000000)
[covered] bucket n=(1.000000,0.000000,0.000000) d=-1.000000 count=4 idx=[13, 14, 15, 16] x≈1.000000
  tri 13: rows [39,40,41] pos0=(1.000000,0.000000,0.000000) pos1=(1.000000,1.000000,0.000000) pos2=(1.000000,0.000000,1.000000)
  tri 14: rows [42,43,44] pos0=(1.000000,0.000000,0.000000) pos1=(1.000000,1.000000,0.000000) pos2=(1.000000,1.000000,1.000000)
  tri 15: rows [45,46,47] pos0=(1.000000,0.000000,0.000000) pos1=(1.000000,0.000000,1.000000) pos2=(1.000000,1.000000,1.000000)
  tri 16: rows [48,49,50] pos0=(1.000000,1.000000,0.000000) pos1=(1.000000,0.000000,1.000000) pos2=(1.000000,1.000000,1.000000)
[covered] bucket n=(-0.000000,1.000000,-0.000000) d=-0.000000 count=4 idx=[17, 18, 19, 20] y≈0.000000
  tri 17: rows [51,52,53] pos0=(0.000000,0.000000,0.000000) pos1=(1.000000,0.000000,0.000000) pos2=(0.000000,0.000000,1.000000)
  tri 18: rows [54,55,56] pos0=(0.000000,0.000000,0.000000) pos1=(1.000000,0.000000,0.000000) pos2=(1.000000,0.000000,1.000000)
  tri 19: rows [57,58,59] pos0=(0.000000,0.000000,0.000000) pos1=(0.000000,0.000000,1.000000) pos2=(1.000000,0.000000,1.000000)
  tri 20: rows [60,61,62] pos0=(1.000000,0.000000,0.000000) pos1=(0.000000,0.000000,1.000000) pos2=(1.000000,0.000000,1.000000)
[covered] bucket n=(0.970143,0.000000,-0.242536) d=0.242536 count=2 idx=[21, 22] x≈-0.250000
  tri 21: rows [63,64,65] pos0=(0.000000,0.000000,1.000000) pos1=(0.000000,1.000000,1.000000) pos2=(0.121268,1.000000,1.485071)
  tri 22: rows [66,67,68] pos0=(0.000000,0.000000,1.000000) pos1=(0.121268,1.000000,1.485071) pos2=(0.121268,0.000000,1.485071)
[covered] bucket n=(0.425797,-0.000000,0.904819) d=-1.330616 count=2 idx=[23, 24] x≈3.125001
  tri 23: rows [69,70,71] pos0=(1.000000,0.000000,1.000000) pos1=(1.000000,1.000000,1.000000) pos2=(0.547591,1.000000,1.212898)
  tri 24: rows [72,73,74] pos0=(1.000000,0.000000,1.000000) pos1=(0.547591,1.000000,1.212898) pos2=(0.547591,0.000000,1.212898)
[covered] removing tri 3 bucket n=(0.000000,0.000000,1.000000) d=-1.000000; rows [9,10,11] pos0=(0.000000,0.000000,1.000000) pos1=(1.000000,1.000000,1.000000) pos2=(0.000000,1.000000,1.000000); covered_by_alive=[2, 4]
[covered] removing tri 5 bucket n=(1.000000,0.000000,0.000000) d=-0.000000; rows [15,16,17] pos0=(0.000000,0.000000,0.000000) pos1=(0.000000,1.000000,0.000000) pos2=(0.000000,0.000000,1.000000); covered_by_alive=[6, 7]
[covered] removing tri 8 bucket n=(1.000000,0.000000,0.000000) d=-0.000000; rows [24,25,26] pos0=(0.000000,1.000000,0.000000) pos1=(0.000000,0.000000,1.000000) pos2=(0.000000,1.000000,1.000000); covered_by_alive=[6, 7]
[covered] removing tri 9 bucket n=(0.000000,1.000000,-0.000000) d=-1.000000; rows [27,28,29] pos0=(1.000000,1.000000,0.000000) pos1=(0.000000,1.000000,0.000000) pos2=(1.000000,1.000000,1.000000); covered_by_alive=[10, 11]
[covered] removing tri 12 bucket n=(0.000000,1.000000,-0.000000) d=-1.000000; rows [36,37,38] pos0=(0.000000,1.000000,0.000000) pos1=(1.000000,1.000000,1.000000) pos2=(0.000000,1.000000,1.000000); covered_by_alive=[10, 11]
[covered] removing tri 13 bucket n=(1.000000,0.000000,0.000000) d=-1.000000; rows [39,40,41] pos0=(1.000000,0.000000,0.000000) pos1=(1.000000,1.000000,0.000000) pos2=(1.000000,0.000000,1.000000); covered_by_alive=[14, 15]
[covered] removing tri 16 bucket n=(1.000000,0.000000,0.000000) d=-1.000000; rows [48,49,50] pos0=(1.000000,1.000000,0.000000) pos1=(1.000000,0.000000,1.000000) pos2=(1.000000,1.000000,1.000000); covered_by_alive=[14, 15]
[covered] removing tri 17 bucket n=(-0.000000,1.000000,-0.000000) d=-0.000000; rows [51,52,53] pos0=(0.000000,0.000000,0.000000) pos1=(1.000000,0.000000,0.000000) pos2=(0.000000,0.000000,1.000000); covered_by_alive=[18, 19]
[covered] removing tri 20 bucket n=(-0.000000,1.000000,-0.000000) d=-0.000000; rows [60,61,62] pos0=(1.000000,0.000000,0.000000) pos1=(0.000000,0.000000,1.000000) pos2=(1.000000,0.000000,1.000000); covered_by_alive=[18, 19]
